// Jest Snapshot v1, https://goo.gl/fbAQLP

exports[`Search should match snapshot 1`] = `
Array [
  <Text
    style={
      Object {
        "color": "rgb(28, 28, 30)",
        "fontSize": 20,
        "fontWeight": "500",
      }
    }
  >
    Enter user id:
  </Text>,
  <View
    style={
      Array [
        Object {
          "alignSelf": "stretch",
          "borderRadius": 6,
          "borderWidth": 1,
          "marginHorizontal": 20,
          "marginVertical": 10,
          "paddingHorizontal": 10,
        },
        Object {
          "backgroundColor": "rgb(255, 255, 255)",
        },
      ]
    }
  >
    <TextInput
      onChangeText={[Function]}
      placeholder="e.g: 123456"
      style={
        Object {
          "backgroundColor": "rgb(255, 255, 255)",
          "borderColor": "rgb(216, 216, 216)",
          "paddingVertical": 10,
        }
      }
      value="some search term"
    />
  </View>,
  <View
    accessible={true}
    collapsable={false}
    focusable={true}
    nativeID="animatedComponent"
    onClick={[Function]}
    onResponderGrant={[Function]}
    onResponderMove={[Function]}
    onResponderRelease={[Function]}
    onResponderTerminate={[Function]}
    onResponderTerminationRequest={[Function]}
    onStartShouldSetResponder={[Function]}
    style={
      Object {
        "backgroundColor": "#292828",
        "borderColor": "#efefef",
        "borderRadius": 6,
        "borderWidth": 1,
        "opacity": 1,
        "paddingHorizontal": 10,
        "paddingVertical": 10,
      }
    }
  >
    <Text
      style={
        Object {
          "color": "rgb(28, 28, 30)",
        }
      }
    >
      SEARCH
    </Text>
  </View>,
  <View
    style={
      Object {
        "height": 24,
        "paddingVertical": 5,
      }
    }
  >
    <Text
      style={
        Object {
          "color": "#cc0000",
        }
      }
    >
      
    </Text>
  </View>,
]
`;
